// Jest Snapshot v1, https://goo.gl/fbAQLP

exports[`tests on NoteScreen component should render properly 1`] = `
<div
  className="notes__main-content"
>
  <div
    className="notes__appbar"
  >
    <span>
      Todays date: 
      February 11th 2022
    </span>
    <input
      id="fileSelector"
      name="file"
      onChange={[Function]}
      style={
        Object {
          "display": "none",
        }
      }
      type="file"
    />
    <div>
      <button
        className="btn btn-primary-notes"
        onClick={[Function]}
      >
        Add Picture
      </button>
      <button
        className="btn btn-primary-notes"
        onClick={[Function]}
      >
        Save Note
      </button>
    </div>
  </div>
  <div
    className="notes__content"
  >
    <input
      autoComplete="off"
      className="notes__title-input"
      name="title"
      onChange={[Function]}
      placeholder="Test Title"
      type="text"
    />
    <textarea
      className="notes__textarea"
      name="body"
      onChange={[Function]}
      placeholder="Test Body"
    />
  </div>
  <button
    className="btn btn-danger"
    onClick={[Function]}
  >
    Delete Note
  </button>
</div>
`;
